// Jest Snapshot v1, https://goo.gl/fbAQLP

exports[`<Converter/> test 1`] = `
<div
  className="MuiContainer-root MuiContainer-maxWidthMd"
>
  <div
    className="MuiPaper-root MuiPaper-elevation1 MuiCard-root makeStyles-card-1 MuiPaper-rounded"
  >
    <div
      className="MuiCardContent-root"
    >
      <label
        htmlFor="input-file"
      >
        <div
          className="makeStyles-button-40 makeStyles-buttonNoFile-39"
        >
          <input
            className="makeStyles-hidden-38"
            disabled={false}
            id="input-file"
            multiple={true}
            onChange={[Function]}
            type="file"
          />
          <div>
            <img
              alt="Select files"
              className="makeStyles-file_img-41"
              src="/images/undraw_add_file2_gvbb.svg"
            />
          </div>
          <div>
            <h3
              className="MuiTypography-root MuiTypography-h3"
            >
              Select files
            </h3>
            <p
              className="MuiTypography-root MuiTypography-body1 MuiTypography-paragraph"
            >
              Click here to open file browser.
            </p>
          </div>
        </div>
      </label>
      <ul
        className="MuiList-root MuiList-padding"
      />
    </div>
    <div
      className="MuiCardActions-root makeStyles-controls-79 makeStyles-hidden-80 MuiCardActions-spacing"
    >
      <button
        className="MuiButtonBase-root MuiButton-root MuiButton-text MuiButton-textPrimary MuiButton-textSizeSmall MuiButton-sizeSmall"
        disabled={false}
        onBlur={[Function]}
        onClick={[Function]}
        onDragLeave={[Function]}
        onFocus={[Function]}
        onKeyDown={[Function]}
        onKeyUp={[Function]}
        onMouseDown={[Function]}
        onMouseLeave={[Function]}
        onMouseUp={[Function]}
        onTouchEnd={[Function]}
        onTouchMove={[Function]}
        onTouchStart={[Function]}
        tabIndex={0}
        type="button"
      >
        <span
          className="MuiButton-label"
        >
          Clear All
        </span>
      </button>
      <div
        className="makeStyles-wrapper-81"
      >
        <button
          className="MuiButtonBase-root MuiButton-root MuiButton-contained MuiButton-containedPrimary MuiButton-containedSizeSmall MuiButton-sizeSmall Mui-disabled Mui-disabled"
          disabled={true}
          onBlur={[Function]}
          onClick={[Function]}
          onDragLeave={[Function]}
          onFocus={[Function]}
          onKeyDown={[Function]}
          onKeyUp={[Function]}
          onMouseDown={[Function]}
          onMouseLeave={[Function]}
          onMouseUp={[Function]}
          onTouchEnd={[Function]}
          onTouchMove={[Function]}
          onTouchStart={[Function]}
          tabIndex={-1}
          type="button"
        >
          <span
            className="MuiButton-label"
          >
            Convert
          </span>
        </button>
      </div>
    </div>
  </div>
</div>
`;
